=== TESTS DE VALIDATION DES CALCULS ===

Ô£ô PASS: Amende pour 3 mois = 6000 FCFA
Ô£ù FAIL: Membre ACTIF: 2 mois en retard
  ÔåÆ Attendu: 2, Obtenu: 0
Ô£ù FAIL: Membre ACTIF: Amende = 4000 FCFA
  ÔåÆ Attendu: 4000, Obtenu: 0
Ô£ô PASS: Membre ACTIF: Total vers├® = 50000 FCFA

Warning: Undefined array key "annee" in C:\xampp\htdocs\svc-ujds\app\models\Membre.php on line 143

Warning: Undefined array key "annee" in C:\xampp\htdocs\svc-ujds\app\models\Membre.php on line 143

Warning: Undefined array key "mois" in C:\xampp\htdocs\svc-ujds\app\models\Membre.php on line 150

Deprecated: strtolower(): Passing null to parameter #1 ($string) of type string is deprecated in C:\xampp\htdocs\svc-ujds\app\models\Membre.php on line 150

Warning: Undefined array key "mois" in C:\xampp\htdocs\svc-ujds\app\models\Membre.php on line 150

Deprecated: strtolower(): Passing null to parameter #1 ($string) of type string is deprecated in C:\xampp\htdocs\svc-ujds\app\models\Membre.php on line 150

Warning: Undefined array key "annee" in C:\xampp\htdocs\svc-ujds\app\models\Membre.php on line 143

Warning: Undefined array key "annee" in C:\xampp\htdocs\svc-ujds\app\models\Membre.php on line 143

Warning: Undefined array key "mois" in C:\xampp\htdocs\svc-ujds\app\models\Membre.php on line 150

Deprecated: strtolower(): Passing null to parameter #1 ($string) of type string is deprecated in C:\xampp\htdocs\svc-ujds\app\models\Membre.php on line 150

Warning: Undefined array key "mois" in C:\xampp\htdocs\svc-ujds\app\models\Membre.php on line 150

Deprecated: strtolower(): Passing null to parameter #1 ($string) of type string is deprecated in C:\xampp\htdocs\svc-ujds\app\models\Membre.php on line 150

Warning: Undefined array key "id" in C:\xampp\htdocs\svc-ujds\app\models\Membre.php on line 164

Warning: Undefined array key "id" in C:\xampp\htdocs\svc-ujds\app\models\Membre.php on line 164

Warning: Undefined array key "id" in C:\xampp\htdocs\svc-ujds\app\models\Membre.php on line 164
Ô£ù FAIL: Membre ACTIF: Montant d├╗ = 54000 FCFA
  ÔåÆ Attendu: 54000, Obtenu: 0
Ô£ô PASS: Membre VG: estVG() = true
Ô£ô PASS: Membre VG: Mois retard = 0
Ô£ô PASS: Membre VG: Amende = 0

Warning: Undefined array key "annee" in C:\xampp\htdocs\svc-ujds\app\models\Membre.php on line 143

Warning: Undefined array key "annee" in C:\xampp\htdocs\svc-ujds\app\models\Membre.php on line 143

Warning: Undefined array key "mois" in C:\xampp\htdocs\svc-ujds\app\models\Membre.php on line 150

Deprecated: strtolower(): Passing null to parameter #1 ($string) of type string is deprecated in C:\xampp\htdocs\svc-ujds\app\models\Membre.php on line 150

Warning: Undefined array key "mois" in C:\xampp\htdocs\svc-ujds\app\models\Membre.php on line 150

Deprecated: strtolower(): Passing null to parameter #1 ($string) of type string is deprecated in C:\xampp\htdocs\svc-ujds\app\models\Membre.php on line 150

Warning: Undefined array key "id" in C:\xampp\htdocs\svc-ujds\app\models\Membre.php on line 164

Warning: Undefined array key "id" in C:\xampp\htdocs\svc-ujds\app\models\Membre.php on line 164
Ô£ô PASS: Membre VG: Montant d├╗ = 0
Ô£ù FAIL: Calcul mois retard: 3 EN_ATTENTE
  ÔåÆ Attendu: 3, Obtenu: 1

Warning: Undefined array key "annee" in C:\xampp\htdocs\svc-ujds\app\models\Membre.php on line 143

Warning: Undefined array key "annee" in C:\xampp\htdocs\svc-ujds\app\models\Membre.php on line 143

Warning: Undefined array key "mois" in C:\xampp\htdocs\svc-ujds\app\models\Membre.php on line 150

Deprecated: strtolower(): Passing null to parameter #1 ($string) of type string is deprecated in C:\xampp\htdocs\svc-ujds\app\models\Membre.php on line 150

Warning: Undefined array key "mois" in C:\xampp\htdocs\svc-ujds\app\models\Membre.php on line 150

Deprecated: strtolower(): Passing null to parameter #1 ($string) of type string is deprecated in C:\xampp\htdocs\svc-ujds\app\models\Membre.php on line 150

Warning: Undefined array key "annee" in C:\xampp\htdocs\svc-ujds\app\models\Membre.php on line 143

Warning: Undefined array key "annee" in C:\xampp\htdocs\svc-ujds\app\models\Membre.php on line 143

Warning: Undefined array key "mois" in C:\xampp\htdocs\svc-ujds\app\models\Membre.php on line 150

Deprecated: strtolower(): Passing null to parameter #1 ($string) of type string is deprecated in C:\xampp\htdocs\svc-ujds\app\models\Membre.php on line 150

Warning: Undefined array key "mois" in C:\xampp\htdocs\svc-ujds\app\models\Membre.php on line 150

Deprecated: strtolower(): Passing null to parameter #1 ($string) of type string is deprecated in C:\xampp\htdocs\svc-ujds\app\models\Membre.php on line 150

Warning: Undefined array key "id" in C:\xampp\htdocs\svc-ujds\app\models\Membre.php on line 164

Warning: Undefined array key "id" in C:\xampp\htdocs\svc-ujds\app\models\Membre.php on line 164

Warning: Undefined array key "id" in C:\xampp\htdocs\svc-ujds\app\models\Membre.php on line 164

Warning: Undefined array key "id" in C:\xampp\htdocs\svc-ujds\app\models\Membre.php on line 195

Warning: Undefined array key "id" in C:\xampp\htdocs\svc-ujds\app\models\Membre.php on line 195

Warning: Undefined array key "id" in C:\xampp\htdocs\svc-ujds\app\models\Membre.php on line 195

Warning: Undefined array key "mois" in C:\xampp\htdocs\svc-ujds\app\models\Membre.php on line 234

Deprecated: strtolower(): Passing null to parameter #1 ($string) of type string is deprecated in C:\xampp\htdocs\svc-ujds\app\models\Membre.php on line 234

Warning: Undefined array key "annee" in C:\xampp\htdocs\svc-ujds\app\models\Membre.php on line 235

Warning: Undefined array key "id" in C:\xampp\htdocs\svc-ujds\app\models\Membre.php on line 238

Warning: Undefined array key "id" in C:\xampp\htdocs\svc-ujds\app\models\Membre.php on line 238

Warning: Undefined array key "id" in C:\xampp\htdocs\svc-ujds\app\models\Membre.php on line 238

Warning: Undefined array key "annee" in C:\xampp\htdocs\svc-ujds\app\models\Membre.php on line 239

Warning: Undefined array key "mois" in C:\xampp\htdocs\svc-ujds\app\models\Membre.php on line 234

Deprecated: strtolower(): Passing null to parameter #1 ($string) of type string is deprecated in C:\xampp\htdocs\svc-ujds\app\models\Membre.php on line 234

Warning: Undefined array key "annee" in C:\xampp\htdocs\svc-ujds\app\models\Membre.php on line 235

Warning: Undefined array key "id" in C:\xampp\htdocs\svc-ujds\app\models\Membre.php on line 238

Warning: Undefined array key "id" in C:\xampp\htdocs\svc-ujds\app\models\Membre.php on line 238

Warning: Undefined array key "id" in C:\xampp\htdocs\svc-ujds\app\models\Membre.php on line 238

Warning: Undefined array key "annee" in C:\xampp\htdocs\svc-ujds\app\models\Membre.php on line 239

Warning: Undefined array key "mois" in C:\xampp\htdocs\svc-ujds\app\models\Membre.php on line 234

Deprecated: strtolower(): Passing null to parameter #1 ($string) of type string is deprecated in C:\xampp\htdocs\svc-ujds\app\models\Membre.php on line 234

Warning: Undefined array key "annee" in C:\xampp\htdocs\svc-ujds\app\models\Membre.php on line 235

Warning: Undefined array key "id" in C:\xampp\htdocs\svc-ujds\app\models\Membre.php on line 238

Warning: Undefined array key "id" in C:\xampp\htdocs\svc-ujds\app\models\Membre.php on line 238

Warning: Undefined array key "id" in C:\xampp\htdocs\svc-ujds\app\models\Membre.php on line 238

Warning: Undefined array key "annee" in C:\xampp\htdocs\svc-ujds\app\models\Membre.php on line 239
Ô£ù FAIL: Montant d├╗ avec avance: 54000 FCFA
  ÔåÆ Attendu: 54000, Obtenu: 0
Ô£ô PASS: Total avances: 100000 FCFA

=== R├ëSULTATS ===
Tests r├®ussis: 7
Tests ├®chou├®s: 5

=== ERREURS ===
- Membre ACTIF: 2 mois en retard: Attendu: 2, Obtenu: 0
- Membre ACTIF: Amende = 4000 FCFA: Attendu: 4000, Obtenu: 0
- Membre ACTIF: Montant d├╗ = 54000 FCFA: Attendu: 54000, Obtenu: 0
- Calcul mois retard: 3 EN_ATTENTE: Attendu: 3, Obtenu: 1
- Montant d├╗ avec avance: 54000 FCFA: Attendu: 54000, Obtenu: 0

Taux de r├®ussite: 58.33%
